------------------------------------------------------------
Timing Analyzer Summary
------------------------------------------------------------

Type  : Slow 1200mV 85C Model Setup 'CLK'
Slack : -16.998
TNS   : -25220.127

Type  : Slow 1200mV 85C Model Setup 'instruction_unit:Instr_Unit|PC:PC_SET|PCout[0]'
Slack : -4.879
TNS   : -4.879

Type  : Slow 1200mV 85C Model Hold 'instruction_unit:Instr_Unit|PC:PC_SET|PCout[0]'
Slack : 0.262
TNS   : 0.000

Type  : Slow 1200mV 85C Model Hold 'CLK'
Slack : 0.731
TNS   : 0.000

Type  : Slow 1200mV 85C Model Minimum Pulse Width 'CLK'
Slack : -3.000
TNS   : -3089.600

Type  : Slow 1200mV 85C Model Minimum Pulse Width 'instruction_unit:Instr_Unit|PC:PC_SET|PCout[0]'
Slack : 0.456
TNS   : 0.000

Type  : Slow 1200mV 0C Model Setup 'CLK'
Slack : -15.835
TNS   : -23532.359

Type  : Slow 1200mV 0C Model Setup 'instruction_unit:Instr_Unit|PC:PC_SET|PCout[0]'
Slack : -4.559
TNS   : -4.559

Type  : Slow 1200mV 0C Model Hold 'instruction_unit:Instr_Unit|PC:PC_SET|PCout[0]'
Slack : 0.184
TNS   : 0.000

Type  : Slow 1200mV 0C Model Hold 'CLK'
Slack : 0.676
TNS   : 0.000

Type  : Slow 1200mV 0C Model Minimum Pulse Width 'CLK'
Slack : -3.000
TNS   : -3089.600

Type  : Slow 1200mV 0C Model Minimum Pulse Width 'instruction_unit:Instr_Unit|PC:PC_SET|PCout[0]'
Slack : 0.466
TNS   : 0.000

Type  : Fast 1200mV 0C Model Setup 'CLK'
Slack : -6.958
TNS   : -9425.216

Type  : Fast 1200mV 0C Model Setup 'instruction_unit:Instr_Unit|PC:PC_SET|PCout[0]'
Slack : -1.760
TNS   : -1.760

Type  : Fast 1200mV 0C Model Hold 'instruction_unit:Instr_Unit|PC:PC_SET|PCout[0]'
Slack : 0.156
TNS   : 0.000

Type  : Fast 1200mV 0C Model Hold 'CLK'
Slack : 0.290
TNS   : 0.000

Type  : Fast 1200mV 0C Model Minimum Pulse Width 'CLK'
Slack : -3.000
TNS   : -2258.549

Type  : Fast 1200mV 0C Model Minimum Pulse Width 'instruction_unit:Instr_Unit|PC:PC_SET|PCout[0]'
Slack : 0.436
TNS   : 0.000

------------------------------------------------------------
