------------------------------------------------------------
Timing Analyzer Summary
------------------------------------------------------------

Type  : Slow 1200mV 85C Model Setup 'CLK'
Slack : -13.206
TNS   : -24230.261

Type  : Slow 1200mV 85C Model Setup 'instruction_unit:Instr_Unit|PC:PC_SET|PCout[0]'
Slack : -4.911
TNS   : -4.911

Type  : Slow 1200mV 85C Model Hold 'instruction_unit:Instr_Unit|PC:PC_SET|PCout[0]'
Slack : 0.412
TNS   : 0.000

Type  : Slow 1200mV 85C Model Hold 'CLK'
Slack : 0.729
TNS   : 0.000

Type  : Slow 1200mV 85C Model Minimum Pulse Width 'CLK'
Slack : -3.000
TNS   : -3089.600

Type  : Slow 1200mV 85C Model Minimum Pulse Width 'instruction_unit:Instr_Unit|PC:PC_SET|PCout[0]'
Slack : 0.442
TNS   : 0.000

Type  : Slow 1200mV 0C Model Setup 'CLK'
Slack : -12.275
TNS   : -22557.780

Type  : Slow 1200mV 0C Model Setup 'instruction_unit:Instr_Unit|PC:PC_SET|PCout[0]'
Slack : -4.597
TNS   : -4.597

Type  : Slow 1200mV 0C Model Hold 'instruction_unit:Instr_Unit|PC:PC_SET|PCout[0]'
Slack : 0.372
TNS   : 0.000

Type  : Slow 1200mV 0C Model Hold 'CLK'
Slack : 0.673
TNS   : 0.000

Type  : Slow 1200mV 0C Model Minimum Pulse Width 'CLK'
Slack : -3.000
TNS   : -3089.600

Type  : Slow 1200mV 0C Model Minimum Pulse Width 'instruction_unit:Instr_Unit|PC:PC_SET|PCout[0]'
Slack : 0.450
TNS   : 0.000

Type  : Fast 1200mV 0C Model Setup 'CLK'
Slack : -4.980
TNS   : -8775.361

Type  : Fast 1200mV 0C Model Setup 'instruction_unit:Instr_Unit|PC:PC_SET|PCout[0]'
Slack : -1.754
TNS   : -1.754

Type  : Fast 1200mV 0C Model Hold 'instruction_unit:Instr_Unit|PC:PC_SET|PCout[0]'
Slack : 0.168
TNS   : 0.000

Type  : Fast 1200mV 0C Model Hold 'CLK'
Slack : 0.216
TNS   : 0.000

Type  : Fast 1200mV 0C Model Minimum Pulse Width 'CLK'
Slack : -3.000
TNS   : -2269.916

Type  : Fast 1200mV 0C Model Minimum Pulse Width 'instruction_unit:Instr_Unit|PC:PC_SET|PCout[0]'
Slack : 0.414
TNS   : 0.000

------------------------------------------------------------
